   Compiling proc-macro2 v1.0.107
   Compiling quote v1.0.47
   Compiling unicode-ident v1.0.24
   Compiling autocfg v1.5.1
   Compiling libm v0.2.16
   Compiling serde_core v1.0.229
   Compiling cfg-if v1.0.4
   Compiling crossbeam-utils v0.8.22
   Compiling serde v1.0.229
   Compiling version_check v0.9.5
   Compiling libc v0.2.189
   Compiling paste v1.0.15
   Compiling crossbeam-epoch v0.9.20
   Compiling zerocopy v0.8.56
   Compiling crossbeam-deque v0.8.7
   Compiling either v1.17.0
   Compiling rayon-core v1.13.0
   Compiling ident_case v1.0.1
   Compiling equivalent v1.0.2
   Compiling cfg_aliases v0.2.2
   Compiling reborrow v0.5.5
   Compiling allocator-api2 v0.2.21
   Compiling once_cell v1.21.4
   Compiling pulp-wasm-simd-flag v0.1.1
   Compiling unicode-segmentation v1.13.3
   Compiling nano-gemm-codegen v0.2.1
   Compiling thiserror v2.0.20
   Compiling memchr v2.8.3
   Compiling unicode-xid v0.2.6
   Compiling fnv v1.0.7
   Compiling strsim v0.11.1
   Compiling pin-project-lite v0.2.17
   Compiling parking v2.2.1
   Compiling rand_core v0.10.1
   Compiling object v0.37.3
   Compiling zmij v1.0.23
   Compiling parking_lot_core v0.9.12
   Compiling getrandom v0.4.3
   Compiling scopeguard v1.2.0
   Compiling regex-syntax v0.8.11
   Compiling gimli v0.32.3
   Compiling futures-core v0.3.34
   Compiling serde_json v1.0.151
   Compiling option-ext v0.2.0
   Compiling adler2 v2.0.1
   Compiling cpufeatures v0.3.0
   Compiling ciborium-io v0.2.2
   Compiling winnow v1.0.4
   Compiling thiserror v1.0.69
   Compiling portable-atomic v1.15.0
   Compiling rustc-demangle v0.1.28
   Compiling itoa v1.0.18
   Compiling prettyplease v0.2.37
   Compiling toml_writer v1.1.2+spec-1.1.0
   Compiling futures-io v0.3.34
   Compiling dyn-stack-macros v0.1.3
   Compiling fastrand v2.5.0
   Compiling foldhash v0.2.0
   Compiling foldhash v0.1.5
   Compiling log v0.4.33
   Compiling xxhash-rust v0.8.18
   Compiling float4 v0.2.0
   Compiling web-time v1.1.0
   Compiling embassy-futures v0.1.2
   Compiling oneshot v0.2.1
   Compiling float-ord v0.3.2
   Compiling seq-macro v0.3.6
   Compiling syn v1.0.109
   Compiling t4a-cubecl-macros v0.10.0
   Compiling inflections v1.1.1
   Compiling md5 v0.8.1
   Compiling nano-gemm-core v0.2.1
   Compiling hashbrown v0.17.1
   Compiling rustc-hash v2.1.3
   Compiling cudarc v0.19.9
   Compiling defer v0.2.1
   Compiling fixedbitset v0.5.7
   Compiling tenferro-core-ops v0.5.0
   Compiling stable-vec v0.4.2
   Compiling computegraph v0.1.0
   Compiling generativity v1.2.1
   Compiling equator-macro v0.6.0
   Compiling t4a-cubecl v0.10.0
   Compiling num-traits v0.2.19
   Compiling pulp v0.22.3
   Compiling convert_case v0.10.0
   Compiling lock_api v0.4.14
   Compiling miniz_oxide v0.8.9
   Compiling t4a-cubecl-common v0.10.0
   Compiling chacha20 v0.10.1
   Compiling event-listener v5.4.2
   Compiling hashbrown v0.15.5
   Compiling futures-lite v2.6.1
   Compiling ahash v0.8.12
   Compiling t4a-cubecl-runtime v0.10.0
   Compiling libloading v0.9.0
   Compiling itertools v0.14.0
   Compiling libloading v0.8.9
   Compiling nom v8.0.0
   Compiling toml_parser v1.1.3+spec-1.1.0
   Compiling hashbrown v0.16.1
   Compiling nano-gemm-f32 v0.2.1
   Compiling nano-gemm-c32 v0.2.1
   Compiling nano-gemm-c64 v0.2.1
   Compiling nano-gemm-f64 v0.2.1
   Compiling type-map v0.5.1
   Compiling spin v0.10.1
   Compiling event-listener-strategy v0.5.4
   Compiling rand v0.10.2
   Compiling equator v0.6.0
   Compiling indexmap v2.14.0
   Compiling concurrent-queue v2.5.0
   Compiling crossbeam-channel v0.5.16
   Compiling crossbeam-queue v0.3.13
   Compiling syn v3.0.3
   Compiling syn v2.0.119
   Compiling lru v0.12.5
   Compiling async-channel v2.5.0
   Compiling regex-automata v0.4.18
   Compiling crossbeam v0.8.4
   Compiling dirs-sys v0.5.0
   Compiling atomic-wait v1.1.0
   Compiling num_cpus v1.17.0
   Compiling dirs v6.0.0
   Compiling petgraph v0.8.3
   Compiling rayon v1.12.0
   Compiling addr2line v0.25.1
   Compiling num-integer v0.1.47
   Compiling num-bigint v0.4.8
   Compiling num-iter v0.1.46
   Compiling bytemuck_derive v1.12.0
   Compiling serde_derive v1.0.229
   Compiling thiserror-impl v2.0.20
   Compiling bitflags v2.13.1
   Compiling serde_spanned v1.1.1
   Compiling toml_datetime v1.1.1+spec-1.1.0
   Compiling serde_bytes v0.11.19
   Compiling regex v1.13.1
   Compiling raw-cpuid v11.6.0
   Compiling toml v1.1.4+spec-1.1.0
   Compiling sanitize-filename v0.6.0
   Compiling tynm v0.2.0
   Compiling interpol v0.2.1
   Compiling bytemuck v1.25.2
   Compiling num-complex v0.4.6
   Compiling dyn-stack v0.13.2
   Compiling private-gemm-x86 v0.1.20
   Compiling t4a-cubecl-cuda v0.10.0
   Compiling num-rational v0.4.2
   Compiling strided-traits v0.4.0
   Compiling backtrace v0.3.76
   Compiling num v0.4.3
   Compiling racah v0.1.1
   Compiling darling_core v0.21.3
   Compiling darling_core v0.23.0
   Compiling zerocopy-derive v0.8.56
   Compiling derive_more-impl v2.1.1
   Compiling derive-new v0.7.0
   Compiling thiserror-impl v1.0.69
   Compiling variadics_please v1.1.0
   Compiling equator-macro v0.4.2
   Compiling equator-macro v0.2.1
   Compiling tenferro-internal-extension-macros v0.5.0
   Compiling tenet-macros v0.1.1 (/data2/ryo-w/gpu-phase/gl3-base/tenet-macros)
   Compiling equator v0.2.2
   Compiling smallvec v1.15.2
   Compiling equator v0.4.2
   Compiling spindle v0.2.6
   Compiling t4a-cubecl-zspace v0.10.0
   Compiling tenferro-tensor-core v0.5.0
   Compiling tenet-sectors v0.1.1 (/data2/ryo-w/gpu-phase/gl3-base/tenet-sectors)
   Compiling strided-view v0.4.0
   Compiling parking_lot v0.12.5
   Compiling strided-perm v0.4.0
   Compiling tenet-core v0.1.1 (/data2/ryo-w/gpu-phase/gl3-base/tenet-core)
   Compiling darling_macro v0.23.0
   Compiling darling_macro v0.21.3
   Compiling darling v0.21.3
   Compiling darling v0.23.0
   Compiling enumset_derive v0.15.0
   Compiling t4a-cubecl-macros-internal v0.10.0
   Compiling derive_more v2.1.1
   Compiling enumset v1.1.14
   Compiling gemm-common v0.19.0
   Compiling strided-kernel v0.4.0
   Compiling qd v0.8.0
   Compiling faer-traits v0.24.0
   Compiling gemm-f64 v0.19.0
   Compiling gemm-c64 v0.19.0
   Compiling gemm-f32 v0.19.0
   Compiling gemm-c32 v0.19.0
   Compiling half v2.7.1
   Compiling gemm v0.19.0
   Compiling ciborium-ll v0.2.2
   Compiling float8 v0.7.0
   Compiling ciborium v0.2.2
   Compiling nano-gemm v0.2.2
   Compiling faer v0.24.4
   Compiling t4a-cubecl-ir v0.10.0
   Compiling tenferro-tensor v0.5.0
   Compiling t4a-cubecl-core v0.10.0
   Compiling tenferro-internal-ops v0.5.0
   Compiling tenferro-internal-cpu-kernels v0.5.0
   Compiling tenferro-runtime v0.5.0
   Compiling t4a-cubecl-opt v0.10.0
   Compiling t4a-cubecl-std v0.10.0
   Compiling t4a-cubecl-cpp v0.10.0
   Compiling tenferro-cpu v0.5.0
   Compiling tenferro-gpu v0.5.0
   Compiling tenferro-linalg v0.5.0
   Compiling tenet-dense v0.1.1 (/data2/ryo-w/gpu-phase/gl3-base/tenet-dense)
   Compiling tenet-operations v0.1.1 (/data2/ryo-w/gpu-phase/gl3-base/tenet-operations)
   Compiling tenet-tensors v0.1.1 (/data2/ryo-w/gpu-phase/gl3-base/tenet-tensors)
   Compiling tenet-matrixalgebra v0.1.1 (/data2/ryo-w/gpu-phase/gl3-base/tenet-matrixalgebra)
   Compiling tenet-rs v0.1.1 (/data2/ryo-w/gpu-phase/gl3-base/tenet)
   Compiling tenet-network v0.1.1 (/data2/ryo-w/gpu-phase/gl3-base/tenet-network)
    Finished `release` profile [optimized] target(s) in 4m 01s
