inf_re_pos_im_zero 7ff0000000000000 0000000000000000 0000000000000000 8000000000000000
inf_re_neg_im_zero fff0000000000000 0000000000000000 8000000000000000 8000000000000000
re_zero_inf_im_pos 0000000000000000 7ff0000000000000 0000000000000000 8000000000000000
re_zero_inf_im_neg 0000000000000000 fff0000000000000 0000000000000000 0000000000000000
inf_re_pos_inf_im_pos 7ff0000000000000 7ff0000000000000 0000000000000000 8000000000000000
inf_re_pos_inf_im_neg 7ff0000000000000 fff0000000000000 0000000000000000 0000000000000000
inf_re_neg_inf_im_pos fff0000000000000 7ff0000000000000 8000000000000000 8000000000000000
inf_re_neg_inf_im_neg fff0000000000000 fff0000000000000 8000000000000000 0000000000000000
inf_re_pos_finite_im_pos 7ff0000000000000 4008000000000000 0000000000000000 8000000000000000
inf_re_neg_finite_im_neg fff0000000000000 c008000000000000 8000000000000000 0000000000000000
finite_re_pos_inf_im_pos 4008000000000000 7ff0000000000000 0000000000000000 8000000000000000
finite_re_neg_inf_im_neg c008000000000000 fff0000000000000 8000000000000000 0000000000000000
real_2p600 6570000000000000 0000000000000000 1a70000000000000 8000000000000000
neg_real_2p600 e570000000000000 0000000000000000 9a70000000000000 8000000000000000
imag_2p600 0000000000000000 6570000000000000 0000000000000000 9a70000000000000
neg_imag_2p600 0000000000000000 e570000000000000 0000000000000000 1a70000000000000
mixed_2p600 6570000000000000 6570000000000000 1a60000000000000 9a60000000000000
mixed_neg_2p600 6570000000000000 e570000000000000 1a60000000000000 1a60000000000000
real_2p-600 1a70000000000000 0000000000000000 6570000000000000 8000000000000000
neg_real_2p-600 9a70000000000000 0000000000000000 e570000000000000 8000000000000000
imag_2p-600 0000000000000000 1a70000000000000 0000000000000000 e570000000000000
neg_imag_2p-600 0000000000000000 9a70000000000000 0000000000000000 6570000000000000
mixed_2p-600 1a70000000000000 1a70000000000000 6560000000000000 e560000000000000
mixed_neg_2p-600 1a70000000000000 9a70000000000000 6560000000000000 6560000000000000
real_2p511 5fe0000000000000 0000000000000000 2000000000000000 8000000000000000
neg_real_2p511 dfe0000000000000 0000000000000000 a000000000000000 8000000000000000
imag_2p511 0000000000000000 5fe0000000000000 0000000000000000 a000000000000000
neg_imag_2p511 0000000000000000 dfe0000000000000 0000000000000000 2000000000000000
mixed_2p511 5fe0000000000000 5fe0000000000000 1ff0000000000000 9ff0000000000000
mixed_neg_2p511 5fe0000000000000 dfe0000000000000 1ff0000000000000 1ff0000000000000
real_2p512 5ff0000000000000 0000000000000000 1ff0000000000000 8000000000000000
neg_real_2p512 dff0000000000000 0000000000000000 9ff0000000000000 8000000000000000
imag_2p512 0000000000000000 5ff0000000000000 0000000000000000 9ff0000000000000
neg_imag_2p512 0000000000000000 dff0000000000000 0000000000000000 1ff0000000000000
mixed_2p512 5ff0000000000000 5ff0000000000000 1fe0000000000000 9fe0000000000000
mixed_neg_2p512 5ff0000000000000 dff0000000000000 1fe0000000000000 1fe0000000000000
real_2p-511 2000000000000000 0000000000000000 5fe0000000000000 8000000000000000
neg_real_2p-511 a000000000000000 0000000000000000 dfe0000000000000 8000000000000000
imag_2p-511 0000000000000000 2000000000000000 0000000000000000 dfe0000000000000
neg_imag_2p-511 0000000000000000 a000000000000000 0000000000000000 5fe0000000000000
mixed_2p-511 2000000000000000 2000000000000000 5fd0000000000000 dfd0000000000000
mixed_neg_2p-511 2000000000000000 a000000000000000 5fd0000000000000 5fd0000000000000
real_2p-512 1ff0000000000000 0000000000000000 5ff0000000000000 8000000000000000
neg_real_2p-512 9ff0000000000000 0000000000000000 dff0000000000000 8000000000000000
imag_2p-512 0000000000000000 1ff0000000000000 0000000000000000 dff0000000000000
neg_imag_2p-512 0000000000000000 9ff0000000000000 0000000000000000 5ff0000000000000
mixed_2p-512 1ff0000000000000 1ff0000000000000 5fe0000000000000 dfe0000000000000
mixed_neg_2p-512 1ff0000000000000 9ff0000000000000 5fe0000000000000 5fe0000000000000
real_2p1022 7fd0000000000000 0000000000000000 0010000000000000 8000000000000000
neg_real_2p1022 ffd0000000000000 0000000000000000 8010000000000000 8000000000000000
imag_2p1022 0000000000000000 7fd0000000000000 0000000000000000 8010000000000000
neg_imag_2p1022 0000000000000000 ffd0000000000000 0000000000000000 0010000000000000
mixed_2p1022 7fd0000000000000 7fd0000000000000 0008000000000000 8008000000000000
mixed_neg_2p1022 7fd0000000000000 ffd0000000000000 0008000000000000 0008000000000000
real_2p-1022 0010000000000000 0000000000000000 7fd0000000000000 8000000000000000
neg_real_2p-1022 8010000000000000 0000000000000000 ffd0000000000000 8000000000000000
imag_2p-1022 0000000000000000 0010000000000000 0000000000000000 ffd0000000000000
neg_imag_2p-1022 0000000000000000 8010000000000000 0000000000000000 7fd0000000000000
mixed_2p-1022 0010000000000000 0010000000000000 7fc0000000000000 ffc0000000000000
mixed_neg_2p-1022 0010000000000000 8010000000000000 7fc0000000000000 7fc0000000000000
real_2p-1030_subnormal 0000100000000000 0000000000000000 7ff0000000000000 8000000000000000
neg_real_2p-1030_subnormal 8000100000000000 0000000000000000 fff0000000000000 8000000000000000
imag_2p-1030_subnormal 0000000000000000 0000100000000000 0000000000000000 fff0000000000000
neg_imag_2p-1030_subnormal 0000000000000000 8000100000000000 0000000000000000 7ff0000000000000
mixed_2p-1030_subnormal 0000100000000000 0000100000000000 7ff0000000000000 fff0000000000000
mixed_neg_2p-1030_subnormal 0000100000000000 8000100000000000 7ff0000000000000 7ff0000000000000
real_min_subnormal 0000000000000001 0000000000000000 7ff0000000000000 8000000000000000
neg_real_min_subnormal 8000000000000001 0000000000000000 fff0000000000000 8000000000000000
imag_min_subnormal 0000000000000000 0000000000000001 0000000000000000 fff0000000000000
neg_imag_min_subnormal 0000000000000000 8000000000000001 0000000000000000 7ff0000000000000
mixed_min_subnormal 0000000000000001 0000000000000001 7ff0000000000000 fff0000000000000
mixed_neg_min_subnormal 0000000000000001 8000000000000001 7ff0000000000000 7ff0000000000000
random_0_e-600 9a74cfe900c1a500 9a75f550b8be5d74 e55748937890e618 655890d2603315d2
random_1_e0 bfcb94ada8d8b6e0 bff08b1b9c37253a bfc8b9924520dc4a 3feda928076bfa12
random_2_e600 657c7fa94e666c6e 6544c9ff7ba6d240 1a61d14e4227a0d0 9a29feb6121cbed2
random_3_e0 3fc2bf85a17ded20 bfe06c0e79448bf4 3fe074cc8c88b823 3ffcd440fa11eccc
random_4_e300 52a01bf2feff8c6c 5287d2c1929fd8e0 2d3bf60c6fe285fb ad24ace3069aa0c5
random_5_e0 bffc3a4d108260f2 3ff5a5c5b0fc374a bfd6d7a45fbfd9d9 bfd1847e5abf641c
random_6_e-511 200d5c421858e204 2006d56f3f5eeab2 5fc5bb87573e5636 dfc0e6c949b8e224
random_7_e300 d2810502014008b0 d2b3ddc653ace686 acf5d43316d6eeea 2d297ae64365bfc3
random_8_e600 e55606afbfb70768 e574ebdb893c703e 9a481882acfdde83 1a66e31b3264a953
random_9_e511 dfc981ba11426db0 5feef280c2a756ca 9fca292e91262ab1 9fefbdad03df1927
random_10_e300 52b1c2e360931d74 d2bf46f5ef83e43e 2d0c1dd63de180d9 2d18c19bd81e33ac
random_11_e-511 1fed0f254120eaf0 1ff0c4746b0cbf5c 5fde398c37f9ffa7 dfe170a2b35e8b5a
random_12_e0 3ffb49eeeb5ae988 3fea9ba1e943e740 3fde5185afaf9830 bfcd8fdec933c518
random_13_e0 bffd5f2889d72b10 bfdfba02e2a09900 bfe03f3823e9476e 3fc18cafe835b71f
random_14_e511 dfd28fe66fe6bccc dfe0ff9b1aefc19e 9fe95672434c0cec 1ff7340938ab90a3
random_15_e-300 2d23f03b405fa458 ad3f8a713e322fda 5282a8bbde1c50c1 529d845ec23d510d
random_16_e10 c07354f7b5ea1380 c0751584d374f818 bf583150d6df5199 3f5a62a61e11ac44
random_17_e10 4073c665ae974b80 c09b7d4e3904e454 3f19f510dd8a4139 3f420ab278c65543
random_18_e0 bfe4c5267265c76c bfe70431b0e7be50 bfe620d4b3c25583 3fe88579dfe67d60
random_19_e-300 2d30cb8128873cee ad0505aa1c5793d0 52adc1c536518348 52829f8f247b657f
random_20_e300 d2b44f8b1890dcc4 52a91630985e2bbc ad223f9c1ec22141 ad168a1d8bf8839a
random_21_e-600 9a7bf20fc8f219bc 1a59edd0092c4258 e56162c996d0509f e540219c7865cfa6
random_22_e-600 9a74c1b6375593c0 1a66e4e2bd2e9f20 e562ea0a46b602b9 e554dca4e7f89ab9
random_23_e300 52ab993847b2762c 52bc1f9afaa9a1ec 2d0ccc4a37d6f5b0 ad1d58842271d796
random_24_e10 408a00f8294a51fc c070aa570cd9fe98 3f51db1efc0714ed 3f36e31c10841b0d
random_25_e0 bfc051c84f558ca0 bfff687b59b97728 bfa0de812cbfc0e5 3fe03ba810b1a516
random_26_e0 bff0123c8364d6e6 3ff3db1f0ce9c3c8 bfd9383ec04f4c47 bfdf28a9b94c6837
random_27_e10 c08213a901e2b644 c09485872822f1e4 bf3268117a7b87af 3f44e55a109f0bd6
random_28_e-511 a00456974153cb2a a005069789b3138e dfc8566fc8801bde 5fc9290c1f34e827
random_29_e-511 a00edc55e1bf4ff6 a0021486827ec8ae dfc8b3da03838351 5fbcf1d6da25a8c7
random_30_e511 5fd8b1c735c96f58 dfe33825d5430a96 1fe83a9d55e16963 1ff2db678e384eef
random_31_e-511 200a44509566a184 a00bbaadf7637ea2 5fc26fed2b7bd94e 5fc376b347bc3ce6
random_32_e10 407f781e13b9c4a8 40849787a41ddfac 3f47fd9b74229a3a bf4f6589226e673b
random_33_e10 c08e3dd91c91618c c0926f6959a27e18 bf3b3c7d34abcf9f 3f409a6983e15646
random_34_e300 d2a98e853409012c d290910ae59cb0e8 ad32211f328e8122 2d178101cc80b963
random_35_e300 d28ff8a0d8aa1ef0 52b47153aae5d706 ad02dd32145996cc ad281faa18ee7182
random_36_e-600 9a63837bf45fa1a0 9a6620972a9166b4 e566f50c953d5bb8 656a083bf61e8887
random_37_e-600 1a50cc6d3d0cd928 1a7a0a0d622d33b2 6538b9f8c45209d4 e5632a0409d1468a
random_38_e-511 a0092d6a0d9edfb4 200a5edbb6bad690 dfc365127372c34d dfc4505d1564e007
random_39_e10 407d64fd1ea24430 c05b8459a2ddd700 3f608385a5222733 3f3eeb002d0555dd
random_40_e300 d2b6ef59fed7ad36 d29c11f84d0ae980 ad2469b45b59940e 2d08fbc2911ab873
random_41_e0 3fdab7db2f18f5f0 3fe7695b4fa62c2c 3fe2d3f135323be9 bff07f6d4c250ef5
random_42_e-600 9a7235c7e978dc70 1a68f48459e3fd94 e563221b2764c314 e55a3860ac76b3cf
random_43_e-600 1a61626e3c285444 1a6e14b9ebe0cb80 655d7ed21cf66c79 e56984b771f97fa5
random_44_e-511 a000d7621b35fa04 a00d0f8786814440 dfbe92b304e16382 5fca60b354d147d1
random_45_e-600 9a7aa2c4c1447966 1a78f77de9566642 e55476e2e593e868 e5532e9ba263510c
random_46_e-600 9a7120e7e0652758 9a76bc32c73fa850 e555a583741328da 655cbb64c0f4b793
random_47_e10 c09f91984fe2ab34 4068752648f1b8a0 bf40116117c9f3d4 bf08e59d24794fe1
random_48_e-300 ad0421f184c1cb60 2d1a2098916e3c40 d2aa4bf5a8b31771 d2c1103e49dd4c68
random_49_e511 5fb7e2bb97b0d290 dfe155c918eb7880 1fd3c30c7b04f7c1 1ffcaf3d4a06741e
random_50_e300 52b609d8cba7d96c 52b99d2b4549eac4 2d13c3ead3ca0e4b ad16f8d40eda39f9
random_51_e511 5fe33067d7ba564e 5fe6f0a4056dfbb2 1fe5f7d0798a1cd8 9fea431c09bd7143
random_52_e600 e574365e31a7cc0e 653ac29f1f7d0e20 9a6928a401f79805 9a30a78dc341a597
random_53_e600 e5793b0fecf04826 65711ef0f61433e2 9a5bca1c4cd5fa59 9a52db7060417092
random_54_e-511 200bbdde16fac6a6 200545904fefd94e 5fc73ebb8d6b5934 dfc1d2e5c322b9ba
random_55_e0 3fdeee3dc56012a8 3ff0f58a4774e290 3fd6cadd68bd2150 bfe8fe7761873be0
random_56_e600 e576087191ebfe18 e570dc2b12a86340 9a5d4fdaaa37a04c 1a566e1552274208
random_57_e-300 ad31e8353f823c54 ad0bf0b6f187a630 d2ab8b5774add1c8 52857d15b8a294a1
random_58_e-300 2d2efcfae7023a00 2d312fb54a27ce96 529da1b934cef0c0 d2a06f1dc28ef114
random_59_e0 bfe8c28834b5b1a8 bffa680e609c1ba6 bfcdceff5658b4b7 3fdfca790d14b303
c32_large_real 7f000000 00000000 00400000 80000000
c32_large_imag 00000000 7f000000 00000000 80400000
c32_large_mixed 7f000000 ff000000 00200000 00200000
c32_small_normal_real 00800000 00000000 7e800000 80000000
c32_small_normal_imag 00000000 00800000 00000000 fe800000
c32_small_normal_mixed 00800000 80800000 7e000000 7e000000
c32_subnormal_real 00000010 00000000 7f800000 80000000
c32_subnormal_imag 00000000 00000010 00000000 ff800000
c32_subnormal_min_mixed 00000001 80000001 7f800000 7f800000
c32_inf_re_pos_im_zero 7f800000 00000000 00000000 80000000
c32_inf_re_neg_im_zero ff800000 00000000 80000000 80000000
c32_re_zero_inf_im_pos 00000000 7f800000 00000000 80000000
c32_re_zero_inf_im_neg 00000000 ff800000 00000000 00000000
c32_inf_re_pos_inf_im_pos 7f800000 7f800000 00000000 80000000
c32_inf_re_pos_finite_im 7f800000 40400000 00000000 80000000
c32_finite_re_inf_im_pos 40400000 7f800000 00000000 80000000
