== section 1: symbol tables ==
-- fZ2 --
twist fZ2 0 = 1.000000000000000e+00  fs = 1.000000000000000e+00
twist fZ2 1 = -1.000000000000000e+00  fs = 1.000000000000000e+00
R fZ2 0 0 = 1.000000000000000e+00
R fZ2 0 1 = 1.000000000000000e+00
R fZ2 1 0 = 1.000000000000000e+00
R fZ2 1 1 = -1.000000000000000e+00
-- SU2 (labels are 2j) --
dim SU2 0 = 1.000000000000000e+00  twist = 1.000000000000000e+00  fs = 1.000000000000000e+00
dim SU2 1 = 2.000000000000000e+00  twist = 1.000000000000000e+00  fs = -1.000000000000000e+00
dim SU2 2 = 3.000000000000000e+00  twist = 1.000000000000000e+00  fs = 1.000000000000000e+00
dim SU2 3 = 4.000000000000000e+00  twist = 1.000000000000000e+00  fs = -1.000000000000000e+00
dim SU2 4 = 5.000000000000000e+00  twist = 1.000000000000000e+00  fs = 1.000000000000000e+00
dim SU2 5 = 6.000000000000000e+00  twist = 1.000000000000000e+00  fs = -1.000000000000000e+00
dim SU2 6 = 7.000000000000000e+00  twist = 1.000000000000000e+00  fs = 1.000000000000000e+00
R SU2 0 0 0 = 1.000000000000000e+00
R SU2 0 1 1 = 1.000000000000000e+00
R SU2 0 2 2 = 1.000000000000000e+00
R SU2 0 3 3 = 1.000000000000000e+00
R SU2 0 4 4 = 1.000000000000000e+00
R SU2 1 0 1 = 1.000000000000000e+00
R SU2 1 1 0 = -1.000000000000000e+00
R SU2 1 1 2 = 1.000000000000000e+00
R SU2 1 2 1 = -1.000000000000000e+00
R SU2 1 2 3 = 1.000000000000000e+00
R SU2 1 3 2 = -1.000000000000000e+00
R SU2 1 3 4 = 1.000000000000000e+00
R SU2 1 4 3 = -1.000000000000000e+00
R SU2 2 0 2 = 1.000000000000000e+00
R SU2 2 1 1 = -1.000000000000000e+00
R SU2 2 1 3 = 1.000000000000000e+00
R SU2 2 2 0 = 1.000000000000000e+00
R SU2 2 2 2 = -1.000000000000000e+00
R SU2 2 2 4 = 1.000000000000000e+00
R SU2 2 3 1 = 1.000000000000000e+00
R SU2 2 3 3 = -1.000000000000000e+00
R SU2 2 4 2 = 1.000000000000000e+00
R SU2 2 4 4 = -1.000000000000000e+00
R SU2 3 0 3 = 1.000000000000000e+00
R SU2 3 1 2 = -1.000000000000000e+00
R SU2 3 1 4 = 1.000000000000000e+00
R SU2 3 2 1 = 1.000000000000000e+00
R SU2 3 2 3 = -1.000000000000000e+00
R SU2 3 3 0 = -1.000000000000000e+00
R SU2 3 3 2 = 1.000000000000000e+00
R SU2 3 3 4 = -1.000000000000000e+00
R SU2 3 4 1 = -1.000000000000000e+00
R SU2 3 4 3 = 1.000000000000000e+00
R SU2 4 0 4 = 1.000000000000000e+00
R SU2 4 1 3 = -1.000000000000000e+00
R SU2 4 2 2 = 1.000000000000000e+00
R SU2 4 2 4 = -1.000000000000000e+00
R SU2 4 3 1 = -1.000000000000000e+00
R SU2 4 3 3 = 1.000000000000000e+00
R SU2 4 4 0 = 1.000000000000000e+00
R SU2 4 4 2 = -1.000000000000000e+00
R SU2 4 4 4 = 1.000000000000000e+00
F SU2 0 0 0 0 0 0 = 1.000000000000000e+00
F SU2 0 0 1 1 0 1 = 1.000000000000000e+00
F SU2 0 0 2 2 0 2 = 9.999999999999999e-01
F SU2 0 0 3 3 0 3 = 1.000000000000000e+00
F SU2 0 1 0 1 1 1 = 1.000000000000000e+00
F SU2 0 1 1 0 1 0 = 1.000000000000000e+00
F SU2 0 1 1 2 1 2 = 1.000000000000000e+00
F SU2 0 1 2 1 1 1 = 1.000000000000000e+00
F SU2 0 1 2 3 1 3 = 1.000000000000000e+00
F SU2 0 1 3 2 1 2 = 1.000000000000000e+00
F SU2 0 2 0 2 2 2 = 9.999999999999998e-01
F SU2 0 2 1 1 2 1 = 1.000000000000000e+00
F SU2 0 2 1 3 2 3 = 9.999999999999999e-01
F SU2 0 2 2 0 2 0 = 9.999999999999999e-01
F SU2 0 2 2 2 2 2 = 9.999999999999998e-01
F SU2 0 2 3 1 2 1 = 1.000000000000000e+00
F SU2 0 2 3 3 2 3 = 9.999999999999999e-01
F SU2 0 3 0 3 3 3 = 1.000000000000000e+00
F SU2 0 3 1 2 3 2 = 9.999999999999999e-01
F SU2 0 3 2 1 3 1 = 1.000000000000000e+00
F SU2 0 3 2 3 3 3 = 1.000000000000000e+00
F SU2 0 3 3 0 3 0 = 1.000000000000000e+00
F SU2 0 3 3 2 3 2 = 9.999999999999999e-01
F SU2 1 0 0 1 1 0 = 1.000000000000000e+00
F SU2 1 0 1 0 1 1 = 1.000000000000000e+00
F SU2 1 0 1 2 1 1 = 1.000000000000000e+00
F SU2 1 0 2 1 1 2 = 1.000000000000000e+00
F SU2 1 0 2 3 1 2 = 1.000000000000000e+00
F SU2 1 0 3 2 1 3 = 1.000000000000000e+00
F SU2 1 1 0 0 0 1 = 1.000000000000000e+00
F SU2 1 1 0 2 2 1 = 1.000000000000000e+00
F SU2 1 1 1 1 0 0 = -5.000000000000000e-01
F SU2 1 1 1 1 0 2 = 8.660254037844386e-01
F SU2 1 1 1 1 2 0 = 8.660254037844386e-01
F SU2 1 1 1 1 2 2 = 4.999999999999999e-01
F SU2 1 1 1 3 2 2 = 9.999999999999998e-01
F SU2 1 1 2 0 2 1 = 1.000000000000000e+00
F SU2 1 1 2 2 0 1 = -5.773502691896258e-01
F SU2 1 1 2 2 0 3 = 8.164965809277260e-01
F SU2 1 1 2 2 2 1 = 8.164965809277260e-01
F SU2 1 1 2 2 2 3 = 5.773502691896257e-01
F SU2 1 1 3 1 2 2 = 9.999999999999998e-01
F SU2 1 1 3 3 0 2 = -6.123724356957946e-01
F SU2 1 1 3 3 2 2 = 7.905694150420948e-01
F SU2 1 2 0 1 1 2 = 1.000000000000000e+00
F SU2 1 2 0 3 3 2 = 9.999999999999999e-01
F SU2 1 2 1 0 1 1 = 1.000000000000000e+00
F SU2 1 2 1 2 1 1 = -3.333333333333334e-01
F SU2 1 2 1 2 1 3 = 9.428090415820634e-01
F SU2 1 2 1 2 3 1 = 9.428090415820634e-01
F SU2 1 2 1 2 3 3 = 3.333333333333333e-01
F SU2 1 2 2 1 1 0 = -5.773502691896258e-01
F SU2 1 2 2 1 1 2 = 8.164965809277260e-01
F SU2 1 2 2 1 3 0 = 8.164965809277260e-01
F SU2 1 2 2 1 3 2 = 5.773502691896257e-01
F SU2 1 2 2 3 1 2 = -4.082482904638630e-01
F SU2 1 2 2 3 3 2 = 9.128709291752769e-01
F SU2 1 2 3 0 3 1 = 1.000000000000000e+00
F SU2 1 2 3 2 1 1 = -6.666666666666667e-01
F SU2 1 2 3 2 1 3 = 7.453559924999300e-01
F SU2 1 2 3 2 3 1 = 7.453559924999300e-01
F SU2 1 2 3 2 3 3 = 6.666666666666666e-01
F SU2 1 3 0 2 2 3 = 9.999999999999999e-01
F SU2 1 3 1 1 2 2 = 9.999999999999998e-01
F SU2 1 3 1 3 2 2 = -2.499999999999999e-01
F SU2 1 3 2 0 2 1 = 1.000000000000000e+00
F SU2 1 3 2 2 2 1 = -4.082482904638630e-01
F SU2 1 3 2 2 2 3 = 9.128709291752769e-01
F SU2 1 3 3 1 2 0 = -6.123724356957946e-01
F SU2 1 3 3 1 2 2 = 7.905694150420948e-01
F SU2 1 3 3 3 2 2 = -4.999999999999999e-01
F SU2 2 0 0 2 2 0 = 9.999999999999999e-01
F SU2 2 0 1 1 2 1 = 1.000000000000000e+00
F SU2 2 0 1 3 2 1 = 1.000000000000000e+00
F SU2 2 0 2 0 2 2 = 9.999999999999998e-01
F SU2 2 0 2 2 2 2 = 9.999999999999998e-01
F SU2 2 0 3 1 2 3 = 9.999999999999999e-01
F SU2 2 0 3 3 2 3 = 9.999999999999999e-01
F SU2 2 1 0 1 1 1 = 1.000000000000000e+00
F SU2 2 1 0 3 3 1 = 1.000000000000000e+00
F SU2 2 1 1 0 1 2 = 1.000000000000000e+00
F SU2 2 1 1 2 1 0 = -5.773502691896258e-01
F SU2 2 1 1 2 1 2 = 8.164965809277260e-01
F SU2 2 1 1 2 3 0 = 8.164965809277260e-01
F SU2 2 1 1 2 3 2 = 5.773502691896257e-01
F SU2 2 1 2 1 1 1 = -3.333333333333334e-01
F SU2 2 1 2 1 1 3 = 9.428090415820634e-01
F SU2 2 1 2 1 3 1 = 9.428090415820634e-01
F SU2 2 1 2 1 3 3 = 3.333333333333333e-01
F SU2 2 1 2 3 1 1 = -6.666666666666667e-01
F SU2 2 1 2 3 1 3 = 7.453559924999300e-01
F SU2 2 1 2 3 3 1 = 7.453559924999300e-01
F SU2 2 1 2 3 3 3 = 6.666666666666666e-01
F SU2 2 1 3 0 3 2 = 9.999999999999999e-01
F SU2 2 1 3 2 1 2 = -4.082482904638630e-01
F SU2 2 1 3 2 3 2 = 9.128709291752769e-01
F SU2 2 2 0 0 0 2 = 9.999999999999999e-01
F SU2 2 2 0 2 2 2 = 9.999999999999998e-01
F SU2 2 2 1 1 0 1 = -5.773502691896258e-01
F SU2 2 2 1 1 0 3 = 8.164965809277260e-01
F SU2 2 2 1 1 2 1 = 8.164965809277260e-01
F SU2 2 2 1 1 2 3 = 5.773502691896257e-01
F SU2 2 2 1 3 2 1 = -4.082482904638630e-01
F SU2 2 2 1 3 2 3 = 9.128709291752769e-01
F SU2 2 2 2 0 2 2 = 9.999999999999998e-01
F SU2 2 2 2 2 0 0 = 3.333333333333333e-01
F SU2 2 2 2 2 0 2 = -5.773502691896257e-01
F SU2 2 2 2 2 2 0 = -5.773502691896257e-01
F SU2 2 2 2 2 2 2 = 4.999999999999999e-01
F SU2 2 2 3 1 2 1 = -4.082482904638630e-01
F SU2 2 2 3 1 2 3 = 9.128709291752769e-01
F SU2 2 2 3 3 0 1 = 4.082482904638630e-01
F SU2 2 2 3 3 0 3 = -5.773502691896257e-01
F SU2 2 2 3 3 2 1 = -6.454972243679029e-01
F SU2 2 2 3 3 2 3 = 3.651483716701107e-01
F SU2 2 3 0 1 1 3 = 1.000000000000000e+00
F SU2 2 3 0 3 3 3 = 1.000000000000000e+00
F SU2 2 3 1 0 1 2 = 1.000000000000000e+00
F SU2 2 3 1 2 1 2 = -4.082482904638630e-01
F SU2 2 3 1 2 3 2 = 9.128709291752769e-01
F SU2 2 3 2 1 1 1 = -6.666666666666667e-01
F SU2 2 3 2 1 1 3 = 7.453559924999300e-01
F SU2 2 3 2 1 3 1 = 7.453559924999300e-01
F SU2 2 3 2 1 3 3 = 6.666666666666666e-01
F SU2 2 3 2 3 1 1 = 1.666666666666667e-01
F SU2 2 3 2 3 1 3 = -4.714045207910317e-01
F SU2 2 3 2 3 3 1 = -4.714045207910317e-01
F SU2 2 3 2 3 3 3 = 7.333333333333333e-01
F SU2 2 3 3 0 3 2 = 9.999999999999999e-01
F SU2 2 3 3 2 1 0 = 4.082482904638630e-01
F SU2 2 3 3 2 1 2 = -6.454972243679029e-01
F SU2 2 3 3 2 3 0 = -5.773502691896257e-01
F SU2 2 3 3 2 3 2 = 3.651483716701107e-01
F SU2 3 0 0 3 3 0 = 1.000000000000000e+00
F SU2 3 0 1 2 3 1 = 1.000000000000000e+00
F SU2 3 0 2 1 3 2 = 9.999999999999999e-01
F SU2 3 0 2 3 3 2 = 9.999999999999999e-01
F SU2 3 0 3 0 3 3 = 1.000000000000000e+00
F SU2 3 0 3 2 3 3 = 1.000000000000000e+00
F SU2 3 1 0 2 2 1 = 1.000000000000000e+00
F SU2 3 1 1 1 2 2 = 9.999999999999998e-01
F SU2 3 1 1 3 2 0 = -6.123724356957946e-01
F SU2 3 1 1 3 2 2 = 7.905694150420948e-01
F SU2 3 1 2 0 2 3 = 9.999999999999999e-01
F SU2 3 1 2 2 2 1 = -4.082482904638630e-01
F SU2 3 1 2 2 2 3 = 9.128709291752769e-01
F SU2 3 1 3 1 2 2 = -2.499999999999999e-01
F SU2 3 1 3 3 2 2 = -4.999999999999999e-01
F SU2 3 2 0 1 1 2 = 1.000000000000000e+00
F SU2 3 2 0 3 3 2 = 9.999999999999999e-01
F SU2 3 2 1 0 1 3 = 1.000000000000000e+00
F SU2 3 2 1 2 1 1 = -6.666666666666667e-01
F SU2 3 2 1 2 1 3 = 7.453559924999300e-01
F SU2 3 2 1 2 3 1 = 7.453559924999300e-01
F SU2 3 2 1 2 3 3 = 6.666666666666666e-01
F SU2 3 2 2 1 1 2 = -4.082482904638630e-01
F SU2 3 2 2 1 3 2 = 9.128709291752769e-01
F SU2 3 2 2 3 1 0 = 4.082482904638630e-01
F SU2 3 2 2 3 1 2 = -6.454972243679029e-01
F SU2 3 2 2 3 3 0 = -5.773502691896257e-01
F SU2 3 2 2 3 3 2 = 3.651483716701107e-01
F SU2 3 2 3 0 3 3 = 1.000000000000000e+00
F SU2 3 2 3 2 1 1 = 1.666666666666667e-01
F SU2 3 2 3 2 1 3 = -4.714045207910317e-01
F SU2 3 2 3 2 3 1 = -4.714045207910317e-01
F SU2 3 2 3 2 3 3 = 7.333333333333333e-01
F SU2 3 3 0 0 0 3 = 1.000000000000000e+00
F SU2 3 3 0 2 2 3 = 9.999999999999999e-01
F SU2 3 3 1 1 0 2 = -6.123724356957946e-01
F SU2 3 3 1 1 2 2 = 7.905694150420948e-01
F SU2 3 3 1 3 2 2 = -4.999999999999999e-01
F SU2 3 3 2 0 2 3 = 9.999999999999999e-01
F SU2 3 3 2 2 0 1 = 4.082482904638630e-01
F SU2 3 3 2 2 0 3 = -5.773502691896257e-01
F SU2 3 3 2 2 2 1 = -6.454972243679029e-01
F SU2 3 3 2 2 2 3 = 3.651483716701107e-01
F SU2 3 3 3 1 2 2 = -4.999999999999999e-01
F SU2 3 3 3 3 0 0 = -2.500000000000000e-01
F SU2 3 3 3 3 0 2 = 4.330127018922193e-01
F SU2 3 3 3 3 2 0 = 4.330127018922193e-01
F SU2 3 3 3 3 2 2 = -5.499999999999999e-01
-- fZ2 x U1 x SU2 (labels: parity charge 2j) --
R I3 (1,1,1) (1,1,1) -> (0, 2, 0) = 1.000000000000000e+00
R I3 (1,1,1) (1,1,1) -> (0, 2, 2) = -1.000000000000000e+00
R I3 (1,1,1) (0,2,0) -> (1, 3, 1) = 1.000000000000000e+00
R I3 (1,-1,1) (1,1,1) -> (0, 0, 0) = 1.000000000000000e+00
R I3 (1,-1,1) (1,1,1) -> (0, 0, 2) = -1.000000000000000e+00
R I3 (0,0,2) (0,0,2) -> (0, 0, 0) = 1.000000000000000e+00
R I3 (0,0,2) (0,0,2) -> (0, 0, 2) = -1.000000000000000e+00
R I3 (0,0,2) (0,0,2) -> (0, 0, 4) = 1.000000000000000e+00
twist I3 (0,0,0) = 1.000000000000000e+00  fs = 1.000000000000000e+00  dim = 1.000000000000000e+00
twist I3 (1,1,1) = -1.000000000000000e+00  fs = -1.000000000000000e+00  dim = 2.000000000000000e+00
twist I3 (0,2,0) = 1.000000000000000e+00  fs = 1.000000000000000e+00  dim = 1.000000000000000e+00
twist I3 (1,-1,3) = -1.000000000000000e+00  fs = -1.000000000000000e+00  dim = 4.000000000000000e+00
== section 2: TensorKit pentagon/hexagon sanity ==
Z2: pentagon+hexagon OK over 2 sectors
fZ2: pentagon+hexagon OK over 2 sectors
U1: pentagon+hexagon OK over 9 sectors
SU2: pentagon+hexagon OK over 7 sectors
U1xfZ2: pentagon+hexagon OK over 10 sectors
fZ2xU1xSU2: pentagon+hexagon OK over 12 sectors
== section 3: invariant stream ==
-- U1 --
s1a norm = 2.887628785006827e+02  tr = -1.900000000000000e+01
s1b norm = 2.896515147552315e+02  tr = -3.000000000000000e+00
s2 norm = 1.402426411616665e+04  tr = 1.104000000000000e+04
s3 norm = 2.887628785006826e+02  tr = -1.900000000000000e+01
s4 norm = 8.209534152002786e+05  tr = 1.033940000000000e+05
s5 norm = 2.485837810477585e+04  tr = 8.338400000000000e+04
s6 svdcount = 49
s6 svd[1] = 5.938452457943761e+05
s6 svd[2] = 4.179528114697005e+05
s6 svd[3] = 2.459326023786228e+05
s6 svd[4] = 1.933057950606111e+05
s6 svd[5] = 1.566314868289549e+05
s6 svd[6] = 8.210318973109889e+04
s6 svd[7] = 7.523003903903847e+04
s6 svd[8] = 6.565202259389844e+04
s6 svd[9] = 5.151867957441879e+04
s6 svd[10] = 3.767419629678344e+04
s6 svd[11] = 2.538188406982896e+04
s6 svd[12] = 2.343136052737890e+04
s6 svd[13] = 2.008745263879226e+04
s6 svd[14] = 1.964054032660374e+04
s6 svd[15] = 1.883995230847887e+04
s6 svd[16] = 1.867342767080404e+04
s6 svd[17] = 1.396252249681011e+04
s6 svd[18] = 1.278185908520561e+04
s6 svd[19] = 1.221617279960168e+04
s6 svd[20] = 9.646640464331718e+03
s6 svd[21] = 7.594820923703089e+03
s6 svd[22] = 7.588096644934964e+03
s6 svd[23] = 6.218196863168910e+03
s6 svd[24] = 2.651408037571802e+03
s6 svd[25] = 2.163357342259171e+03
s6 svd[26] = 1.657615939186760e+03
s6 svd[27] = 1.643314514396656e+03
s6 svd[28] = 1.129212243761851e+03
s6 svd[29] = 6.562754711025852e+02
s6 svd[30] = 5.535225377189289e+02
s6 svd[31] = 5.476578287137901e+02
s6 svd[32] = 4.563636559456864e-11
s6 svd[33] = 1.626544905737997e-11
s6 svd[34] = 1.481216160154994e-11
s6 svd[35] = 6.928233223750934e-12
s6 svd[36] = 5.913155394439881e-12
s6 svd[37] = 5.166448954578327e-12
s6 svd[38] = 4.442451425239548e-12
s6 svd[39] = 2.107033032483135e-12
s6 svd[40] = 1.993742296168398e-12
s6 svd[41] = 1.514962594411842e-12
s6 svd[42] = 5.885158994374263e-13
s6 svd[43] = 5.152490716303829e-13
s6 svd[44] = 3.869988866587334e-13
s6 svd[45] = 3.108659258061462e-13
s6 svd[46] = 1.624508132922479e-13
s6 svd[47] = 8.522461544358784e-14
s6 svd[48] = 6.865294507420539e-14
s6 svd[49] = 2.454120541714425e-14
s7 norm = 8.209824186503642e+05  tr = 1.033845000000000e+05
s8 tr(H*H) = 6.256589682425000e+10
-- SU2 --
s1a norm = 3.075792580783041e+02  tr = -2.240000000000000e+02
s1b norm = 3.089012787283341e+02  tr = -1.440000000000000e+02
s2 norm = 1.423541506244198e+04  tr = 1.668500000000000e+04
s3 norm = 3.075792580783042e+02  tr = -2.240000000000000e+02
s4 norm = 7.171108525311829e+05  tr = -1.481890000000002e+05
s5 norm = 2.043484428616964e+04  tr = 9.460500000000000e+04
s6 svdcount = 35
s6 svd[1] = 4.110592957633280e+05
s6 svd[2] = 1.822658678626898e+05
s6 svd[3] = 1.406505246682399e+05
s6 svd[4] = 1.140569967151560e+05
s6 svd[5] = 7.343460378313088e+04
s6 svd[6] = 5.224807565545758e+04
s6 svd[7] = 4.043006489580932e+04
s6 svd[8] = 2.351544167506671e+04
s6 svd[9] = 2.184633501094873e+04
s6 svd[10] = 1.928046828460497e+04
s6 svd[11] = 1.660174629027798e+04
s6 svd[12] = 8.566028701881454e+03
s6 svd[13] = 6.373677277671596e+03
s6 svd[14] = 4.039539983749055e+03
s6 svd[15] = 3.958321987177687e+03
s6 svd[16] = 3.574358904429296e+03
s6 svd[17] = 3.288748484860358e+03
s6 svd[18] = 3.151829069086835e+03
s6 svd[19] = 1.779769959383261e+03
s6 svd[20] = 1.439999999999999e+03
s6 svd[21] = 1.076447526243916e+03
s6 svd[22] = 5.845450724371532e+02
s6 svd[23] = 3.126700608057075e-11
s6 svd[24] = 9.546164054285858e-12
s6 svd[25] = 6.287370068829090e-12
s6 svd[26] = 3.156593663603151e-12
s6 svd[27] = 2.051622547461659e-12
s6 svd[28] = 1.973348836845412e-12
s6 svd[29] = 1.770525288394393e-12
s6 svd[30] = 1.748338334642633e-12
s6 svd[31] = 1.055008936094131e-12
s6 svd[32] = 8.185997280132218e-13
s6 svd[33] = 2.859108384762620e-13
s6 svd[34] = 1.097438650216491e-13
s6 svd[35] = 4.756278321436473e-14
s7 norm = 7.171433641554874e+05  tr = -1.483010000000002e+05
s8 tr(H*H) = 2.412084471050002e+10
-- fZ2xU1xSU2 --
s1a norm = 2.041910869749216e+02  tr = -8.000000000000000e+00
s1b norm = 2.060849339471471e+02  tr = 4.900000000000000e+01
s2 norm = 7.029845233004778e+03  tr = 1.269000000000000e+04
s3 norm = 2.041910869749217e+02  tr = -8.000000000000014e+00
s4 norm = 2.048990970819540e+05  tr = 1.251150000000001e+05
s5 norm = 1.041952436534413e+04  tr = 4.169400000000000e+04
s6 svdcount = 29
s6 svd[1] = 9.313322524156692e+04
s6 svd[2] = 8.377972168698783e+04
s6 svd[3] = 5.801978514614065e+04
s6 svd[4] = 5.425702935363993e+04
s6 svd[5] = 3.244521596397725e+04
s6 svd[6] = 2.349078948391450e+04
s6 svd[7] = 2.264344851117111e+04
s6 svd[8] = 2.189538877119227e+04
s6 svd[9] = 2.159365106169731e+04
s6 svd[10] = 1.869173451469769e+04
s6 svd[11] = 1.486434829405537e+04
s6 svd[12] = 7.220000000000000e+03
s6 svd[13] = 5.912689186545615e+03
s6 svd[14] = 5.486716759584609e+03
s6 svd[15] = 4.241123285758052e+03
s6 svd[16] = 1.977685541462147e+03
s6 svd[17] = 7.714938309221702e+02
s6 svd[18] = 7.163293805552347e+02
s6 svd[19] = 6.015165827414188e+02
s6 svd[20] = 5.900887872343542e+02
s6 svd[21] = 2.167139622628681e+02
s6 svd[22] = 3.456359728870530e-12
s6 svd[23] = 3.447402625379059e-12
s6 svd[24] = 1.571906917039576e-12
s6 svd[25] = 9.540003739605819e-13
s6 svd[26] = 3.289977101075842e-13
s6 svd[27] = 2.890229149522419e-13
s6 svd[28] = 1.616283825056120e-13
s6 svd[29] = 7.463150132763257e-14
s7 norm = 2.049323716485515e+05  tr = 1.251110000000001e+05
s8 tr(H*H) = 1.392459691750001e+10
-- fZ2 closed loops --
ordinary tr(D) = 5.000000000000000e+00
twisted tr(D) = -1.000000000000000e+00
loop A*B = -4.000000000000000e+00
loop A*B*C = -1.400000000000000e+01
loop A*S*B = -6.000000000000000e+00
loop S*A*B = -6.000000000000000e+00
== section 4: planar repartition fixtures ==
-- U1 2|2 -> 3|1 --
ranks = 3,1
data = [1.000000000000000e+00, 2.000000000000000e+00, 7.000000000000000e+00, 8.000000000000000e+00, 1.300000000000000e+01, 1.400000000000000e+01, 1.900000000000000e+01, 2.000000000000000e+01, 3.000000000000000e+00, 4.000000000000000e+00, 9.000000000000000e+00, 1.000000000000000e+01, 1.500000000000000e+01, 1.600000000000000e+01, 2.100000000000000e+01, 2.200000000000000e+01, 5.000000000000000e+00, 6.000000000000000e+00, 1.100000000000000e+01, 1.200000000000000e+01, 1.700000000000000e+01, 1.800000000000000e+01, 2.300000000000000e+01, 2.400000000000000e+01]
-- fZ2 2|2 -> 3|1 --
ranks = 3,1
data = [1.000000000000000e+00, 2.000000000000000e+00, 4.000000000000000e+00, 5.000000000000000e+00, 3.000000000000000e+00, 6.000000000000000e+00, 3.100000000000000e+01, 3.200000000000000e+01, 3.400000000000000e+01, 3.500000000000000e+01, 3.300000000000000e+01, 3.600000000000000e+01, 1.900000000000000e+01, 2.000000000000000e+01, 2.500000000000000e+01, 2.600000000000000e+01, 2.100000000000000e+01, 2.700000000000000e+01, 7.000000000000000e+00, 8.000000000000000e+00, 1.300000000000000e+01, 1.400000000000000e+01, 9.000000000000000e+00, 1.500000000000000e+01, 2.200000000000000e+01, 2.300000000000000e+01, 2.800000000000000e+01, 2.900000000000000e+01, 2.400000000000000e+01, 3.000000000000000e+01, 1.000000000000000e+01, 1.100000000000000e+01, 1.600000000000000e+01, 1.700000000000000e+01, 1.200000000000000e+01, 1.800000000000000e+01]
-- SU2 2|2 -> 3|1 --
ranks = 3,1
data = [1.000000000000000e+00, 2.000000000000000e+00, 1.272792206135786e+01, 1.555634918610405e+01, 1.414213562373095e+01, 1.697056274847714e+01, 7.000000000000002e+00, 8.000000000000002e+00, -2.121320343559643e+00, -3.535533905932738e+00, -2.828427124746190e+00, -4.242640687119286e+00, 1.592168332809066e+01, 1.714642819948225e+01]
-- fZ2xU1xSU2 2|2 -> 3|1 --
ranks = 3,1
data = [1.000000000000000e+00, 2.000000000000000e+00, 1.555634918610405e+01, 1.838477631085024e+01, 1.697056274847714e+01, 1.979898987322333e+01, 9.000000000000002e+00, 1.000000000000000e+01, -2.121320343559643e+00, -3.535533905932738e+00, -2.828427124746190e+00, -4.242640687119286e+00, 8.573214099741124e+00, 9.797958971132713e+00]
-- fZ2 2|2 -> 1|3 --
ranks = 1,3
data = [1.000000000000000e+00, 4.000000000000000e+00, 2.000000000000000e+00, 5.000000000000000e+00, 7.000000000000000e+00, 1.000000000000000e+01, 1.300000000000000e+01, 1.600000000000000e+01, 8.000000000000000e+00, 1.100000000000000e+01, 1.400000000000000e+01, 1.700000000000000e+01, 2.100000000000000e+01, 2.400000000000000e+01, 2.700000000000000e+01, 3.000000000000000e+01, 3.300000000000000e+01, 3.600000000000000e+01, 1.900000000000000e+01, 2.200000000000000e+01, 2.500000000000000e+01, 2.800000000000000e+01, 2.000000000000000e+01, 2.300000000000000e+01, 2.600000000000000e+01, 2.900000000000000e+01, 3.100000000000000e+01, 3.400000000000000e+01, 3.200000000000000e+01, 3.500000000000000e+01, 3.000000000000000e+00, 6.000000000000000e+00, 9.000000000000000e+00, 1.200000000000000e+01, 1.500000000000000e+01, 1.800000000000000e+01]
-- fZ2xU1xSU2 2|2 -> 1|3 --
ranks = 1,3
data = [1.000000000000000e+00, 3.000000000000000e+00, 5.000000000000000e+00, 1.414213562373095e+01, 1.697056274847714e+01, 1.979898987322333e+01, 9.000000000000002e+00, 1.100000000000000e+01, 1.300000000000000e+01, -1.414213562373095e+00, -2.828427124746190e+00, -4.242640687119286e+00, 8.573214099741124e+00, 9.797958971132713e+00]
-- fZ2xU1xSU2 2|2 -> 0|4 --
ranks = 0,4
data = [1.000000000000000e+00, 3.000000000000000e+00, 5.000000000000000e+00, 1.414213562373095e+01, 1.697056274847714e+01, 1.979898987322333e+01, 1.272792206135786e+01, 1.555634918610405e+01, 1.838477631085024e+01, -2.000000000000000e+00, -4.000000000000001e+00, -6.000000000000002e+00, 1.212435565298214e+01, 1.385640646055102e+01]
-- fZ2xU1xSU2 2|2 -> 4|0 --
ranks = 4,0
data = [1.000000000000000e+00, 2.000000000000000e+00, 1.555634918610405e+01, 1.838477631085024e+01, 1.697056274847714e+01, 1.979898987322333e+01, 1.272792206135786e+01, 1.414213562373096e+01, -3.000000000000001e+00, -5.000000000000001e+00, -4.000000000000001e+00, -6.000000000000002e+00, 1.212435565298214e+01, 1.385640646055102e+01]
== section 5: scalar reductions and exp ==
-- exp --
Float64 1.0 2.2220486043288972 3.1532168621506798
Float64 4.0 8.8881944173155887 15.692503963067267
ComplexF64 1.0 2.5678298230217673 3.1806015158373815
-- norm_p --
U1 Float64 25 6.2048368229954285 4.0804042115227643 2.5
U1 ComplexF64 36.088144488042531 8.1451672788224556 5.0601391475683535 2.6487025125521364
SU2 Float64 55.5 9.6566039579139815 5.5887796167411192 2.5
SU2 ComplexF64 70.837746836191087 11.637090486887175 6.5140504139910496 2.6487025125521364
== section 6: disjoint U1 null spaces ==
-- direct --
source stored = 0
left stored = 4 norm = 1.4142135623730951
right stored = 9 norm = 1.7320508075688772
-- adjoint --
source stored = 0
left stored = 9 norm = 1.7320508075688772
right stored = 4 norm = 1.4142135623730951
== section 7: complex SU2 structural operations ==
source norm = 40.741733994626308 tr = -81 -9
permute norm = 40.741733994626323 tr = -81.000000000000043 -9.0000000000000036
adjoint-compose norm = 853.85823699774005 tr = 1659.8888888888889 0
svd count = 5
svd[1] = 23.892354784323476
svd[2] = 21.02264361151887
svd[3] = 8.027729719194868
svd[4] = 3.2214290434895219
svd[5] = 0.84564901095677913
== section 8: weighted rank truncation ==
-- U1 rank=5 error=155706.08009324488 --
sector -1 kept 1
sector 0 kept 2
sector 1 kept 2
-- SU2 rank=5 error=276850.04205868527 --
sector 1 kept 1
sector 2 kept 1
